// Jest Snapshot v1, https://goo.gl/fbAQLP

exports[`renders correctly 1`] = `
<DocumentFragment>
  <nav
    class="color-nav navbar navbar-expand-lg navbar-light"
  >
    <div
      class="container"
    >
      <button
        aria-controls="basic-navbar-nav"
        aria-label="Toggle navigation"
        class="navbar-toggler collapsed"
        type="button"
      >
        <span
          class="navbar-toggler-icon"
        />
      </button>
      <div
        class="navbar-collapse collapse"
        id="basic-navbar-nav"
      >
        <div
          class="me-auto navbar-nav"
        >
          <a
            class="nav-link"
            data-rr-ui-event-key="http://library.nyu.edu"
            href="http://library.nyu.edu"
          >
            <img
              alt="NYU Libraries logo"
              class="image"
              height="30"
              src="https://cdn.library.nyu.edu/images/nyulibraries-logo.svg"
              width="220"
            />
          </a>
        </div>
      </div>
    </div>
  </nav>
</DocumentFragment>
`;
