{
    "errors": [],
    "found": true,
    "records": [
        {
            "citation_supplemental": {},
            "links": [
                {
                    "display_name": "Newsbank Access World News Research Collection 2022 Edition",
                    "url": "http://proxy.library.nyu.edu/login?url=http://infoweb.newsbank.com/?db=DTNB",
                    "coverage_text": "Available from 1999/01/01"
                }
            ]
        }
    ]
}
