{
    "errors": [
        "Invalid SFX request"
    ],
    "found": false,
    "records": []
}
