{
    "errors": [],
    "found": false,
    "records": [
        {
            "citation_supplemental": {},
            "links": [
                {
                    "display_name": "Request via Interlibrary Loan",
                    "url": "http://proxy.library.nyu.edu/login?url=https://ill.library.nyu.edu/illiad/illiad.dll/OpenURL?sid=DEFAULT%20(Via%20SFX)\u0026title=Routledge%20Language%20Family%20Series%20%3A%20The%20Sino-Tibetan%20Languages%20(2)\u0026aufirst=Anne\u0026isbn=1-138-78332-3\u0026genre=book\u0026date=2003\u0026year=2003\u0026aulast=YUE-HASHIMOTO",
                    "coverage_text": ""
                }
            ]
        }
    ]
}
