
    <noscript>You need to enable JavaScript to run this app.</noscript>
    <div id="root"><div class="App"><nav class="color-nav navbar navbar-expand-lg navbar-light"><div class="container"><button aria-controls="basic-navbar-nav" type="button" aria-label="Toggle navigation" class="navbar-toggler collapsed"><span class="navbar-toggler-icon"></span></button><div class="navbar-collapse collapse" id="basic-navbar-nav"><div class="me-auto navbar-nav"><a href="http://library.nyu.edu" data-rr-ui-event-key="http://library.nyu.edu" class="nav-link"><img class="image" src="https://cdn.library.nyu.edu/images/nyulibraries-logo.svg" alt="NYU Libraries logo" width="220" height="30"></a></div></div></div></nav><div class="jumbotron"><div class="container text-center"><p>Displaying search results...</p><p>Note: Alternate titles might have matched your search terms</p></div></div><div class="container"><div class="row row-cols-md-12"><div class="col-md-8"><div class="list-group"><div class="list-group-item list-group-item-action flex-column border-0"><div><p class="resource-type">article</p><h2 class="title">Informed consent and the geriatric dental patient</h2><p>Odom, John G <span>â€¢</span> 1992</p><p style="margin: 0px 0px 10px;"><span style="box-sizing: border-box;">Published in Journal</span><span style="font-style: italic;">Special Care in Dentistry.</span>Volume 12.Issue 5.Page 202-206.</p><dl class="citation-info"><dt>ISSN:</dt><dd>0275-1879</dd></dl></div></div><div class="list-group-item list-group-item-action flex-column border-0"><div class="row"><h6><a href="http://proxy.library.nyu.edu/login?url=https://www.pressreader.com/italy/corriere-fiorentino" target="_blank" rel="noopener noreferrer">PressReader</a></h6><small></small></div></div></div></div><div class="col-md-4"><div class="ask-librarian"><h5>Need help?</h5><h6><a href="https://library.nyu.edu/ask/" target="_blank" rel="noopener noreferrer">Ask a Librarian</a></h6></div></div></div></div></div></div>
    <!--
      This HTML file is a template.
      If you open it directly in the browser, you will see an empty page.

      You can add webfonts, meta tags, or analytics to this file.
      The build step will place the bundled scripts into the <body> tag.

      To begin the development, run `npm start` or `yarn start`.
      To create a production bundle, use `npm run build` or `yarn build`.
    -->
  

