
    <noscript>You need to enable JavaScript to run this app.</noscript>
    <div id="root"><div class="App"><nav class="color-nav navbar navbar-expand-lg navbar-light"><div class="container"><button aria-controls="basic-navbar-nav" type="button" aria-label="Toggle navigation" class="navbar-toggler collapsed"><span class="navbar-toggler-icon"></span></button><div class="navbar-collapse collapse" id="basic-navbar-nav"><div class="me-auto navbar-nav"><a href="http://library.nyu.edu" data-rr-ui-event-key="http://library.nyu.edu" class="nav-link"><img class="image" src="https://cdn.library.nyu.edu/images/nyulibraries-logo.svg" alt="NYU Libraries logo" width="220" height="30"></a></div></div></div></nav><div class="jumbotron"><div class="container text-center"><p>Displaying search results...</p><p>Note: Alternate titles might have matched your search terms</p></div></div><div class="container"><div class="row row-cols-md-12"><div class="col-md-8"><div class="list-group"><div class="list-group-item list-group-item-action flex-column border-0"><div><p class="resource-type">article</p><h2 class="title">Informed consent and the geriatric dental patient</h2><p>Odom, John G <span>â€¢</span> 1992</p><p style="margin: 0px 0px 10px;"><span style="box-sizing: border-box;">Published in Journal</span><span style="font-style: italic;">Special Care in Dentistry.</span>Volume 12.Issue 5.Page 202-206.</p><dl class="citation-info"><dt>ISSN:</dt><dd>0275-1879</dd></dl></div></div><div class="list-group-item list-group-item-action flex-column border-0"><div class="row"><h6><a href="http://gateway.proquest.com/openurl?rft_id=41130&amp;res_dat=xri%3Apqm&amp;url_ver=Z39.88-2004&amp;rfr_id=info%3Axri%2Fsid%3Aprimo&amp;rft_val_fmt=info%3Aofi%2Ffmt%3Akev%3Amtx%3Ajournal&amp;genre=journal" target="_blank" rel="noopener noreferrer">Art, Design &amp; Architecture Collection</a></h6><small>Available from 2002/11/04</small></div></div><div class="list-group-item list-group-item-action flex-column border-0"><div class="row"><h6><a href="http://proxy.library.nyu.edu/login?url=http://archives.newyorker.com/#folio=C1" target="_blank" rel="noopener noreferrer">E Journal Full Text</a></h6><small>Available from 1925</small></div></div><div class="list-group-item list-group-item-action flex-column border-0"><div class="row"><h6><a href="http://proxy.library.nyu.edu/login?url=https://global.factiva.com/en/du/headlines.asp?XSID=S001dbr5DEs5DEmN9MpMD6mNDVyMHmnRsIuMcNG1pRRQUFBQUFBQUFBQUFBQUFBQUFBQUFBQUFBQUFBQUFBQUFBQQAA&amp;CurrentSources=U%7Cgtny&amp;CurrentSourcesDesc=sc_u_gtny%2CNew+Yorker" target="_blank" rel="noopener noreferrer">Factiva</a></h6><small>Available from 1997</small></div></div><div class="list-group-item list-group-item-action flex-column border-0"><div class="row"><h6><a href="http://proxy.library.nyu.edu/login?url=http://find.galegroup.com/openurl/openurl?url_ctx_fmt=info%3Aofi%2Ffmt%3Akev%3Amtx%3Actx&amp;url_ver=Z39.88-2004&amp;rft.issn=0028-792X&amp;ctx_enc=info%3Aofi%3Aenc%3AUTF-8&amp;res_id=info%3Asid%2Fgale%3ASHAX&amp;rft.date=2002&amp;rft_val_fmt=info%3Aofi%2Ffmt%3Akev%3Amtx%3Ajournal&amp;req_dat=info%3Asid%2Fgale%3Augnid%3Anew64731&amp;rft.jtitle=New+Yorker" target="_blank" rel="noopener noreferrer">Gale Cengage Shakespeare Collection Periodicals</a></h6><small>Available from 2002</small></div></div><div class="list-group-item list-group-item-action flex-column border-0"><div class="row"><h6><a href="http://proxy.library.nyu.edu/login?url=https://link.gale.com/apps/pub/1161/ITOF?u=nysl_me_newyorku" target="_blank" rel="noopener noreferrer">Gale General OneFile</a></h6><small>Available from 2002/01/14</small></div></div><div class="list-group-item list-group-item-action flex-column border-0"><div class="row"><h6><a href="http://proxy.library.nyu.edu/login?url=https://link.gale.com/apps/pub/1161/LitRC?u=new64731" target="_blank" rel="noopener noreferrer">Gale Literature Resource Center</a></h6><small>Available from 1978/01/01  until 1978/12/31. Available from 1982/01/01  until 1982/12/31. Available from 1989/01/01  until 1989/12/31. Available from 1996/01/01  until 1996/12/31. Available from 2002/01/01</small></div></div><div class="list-group-item list-group-item-action flex-column border-0"><div class="row"><h6><a href="http://proxy.library.nyu.edu/login?url=https://advance.lexis.com/api/search/advanced?source=MTA2OTUwNg&amp;identityprofileid=W4HVBF32601" target="_blank" rel="noopener noreferrer">Lexis Advance US</a></h6><small>Available from 1999</small></div></div><div class="list-group-item list-group-item-action flex-column border-0"><div class="row"><h6><a href="http://proxy.library.nyu.edu/login?url=http://archives.newyorker.com/#folio=C1" target="_blank" rel="noopener noreferrer">Miscellaneous Ejournals</a></h6><small>Available from 1925</small></div></div><div class="list-group-item list-group-item-action flex-column border-0"><div class="row"><h6><a href="http://proxy.library.nyu.edu/login?url=https://gateway.proquest.com/openurl?genre=journal&amp;rft_val_fmt=info%3Aofi%2Ffmt%3Akev%3Amtx%3Ajournal&amp;rfr_id=info%3Axri%2Fsid%3Aprimo&amp;url_ver=Z39.88-2004&amp;res_dat=xri%3Apqm&amp;rft_id=16493" target="_blank" rel="noopener noreferrer">Music &amp; Performing Arts Collection</a></h6><small>Available from 2001/08/20  until 2017/01/02</small></div></div><div class="list-group-item list-group-item-action flex-column border-0"><div class="row"><h6><a href="http://proxy.library.nyu.edu/login?url=https://gateway.proquest.com/openurl?genre=journal&amp;rft_val_fmt=info%3Aofi%2Ffmt%3Akev%3Amtx%3Ajournal&amp;rfr_id=info%3Axri%2Fsid%3Aprimo&amp;url_ver=Z39.88-2004&amp;res_dat=xri%3Apqm&amp;rft_id=41130" target="_blank" rel="noopener noreferrer">Music &amp; Performing Arts Collection</a></h6><small>Available from 2002/11/04</small></div></div><div class="list-group-item list-group-item-action flex-column border-0"><div class="row"><h6><a href="http://proxy.library.nyu.edu/login?url=http://www.newyorker.com/archive" target="_blank" rel="noopener noreferrer">OpinionArchives</a></h6><small>Available from 1925</small></div></div><div class="list-group-item list-group-item-action flex-column border-0"><div class="row"><h6><a href="http://proxy.library.nyu.edu/login?url=https://gateway.proquest.com/openurl?genre=journal&amp;rft_val_fmt=info%3Aofi%2Ffmt%3Akev%3Amtx%3Ajournal&amp;rfr_id=info%3Axri%2Fsid%3Aprimo&amp;url_ver=Z39.88-2004&amp;res_dat=xri%3Apqm&amp;rft_id=41130" target="_blank" rel="noopener noreferrer">ProQuest Central</a></h6><small>Available from 2002/11/04</small></div></div></div></div><div class="col-md-4"><div class="ask-librarian"><h5>Need help?</h5><h6><a href="https://library.nyu.edu/ask/" target="_blank" rel="noopener noreferrer">Ask a Librarian</a></h6></div></div></div></div></div></div>
    <!--
      This HTML file is a template.
      If you open it directly in the browser, you will see an empty page.

      You can add webfonts, meta tags, or analytics to this file.
      The build step will place the bundled scripts into the <body> tag.

      To begin the development, run `npm start` or `yarn start`.
      To create a production bundle, use `npm run build` or `yarn build`.
    -->
  

