{
    "errors": [],
    "records": {
        "ctx_obj": [
            {
                "ctx_obj_targets": [
                    {
                        "target": [
                            {
                                "target_name": "TAYLOR_FRANCIS_CURRENT_CONTENT_ACCESS",
                                "target_public_name": "Taylor \u0026 Francis Current Content Access",
                                "target_url": "http://proxy.library.nyu.edu/login?url=https://www.tandfonline.com/openurl?spage=574\u0026date=2018\u0026genre=article\u0026volume=49\u0026issue=5\u0026issn=1557-5330",
                                "authentication": "",
                                "proxy": "yes",
                                "coverage": [
                                    {
                                        "coverage_text": [
                                            {
                                                "threshold_text": [
                                                    {
                                                        "coverage_statement": [
                                                            "Available from 2005/03/01 volume: 36 issue: 1"
                                                        ]
                                                    }
                                                ],
                                                "embargo_text": [
                                                    {}
                                                ]
                                            }
                                        ],
                                        "from": [
                                            {
                                                "year": "2005",
                                                "month": "03",
                                                "day": "01",
                                                "volume": "36",
                                                "issue": "1"
                                            }
                                        ],
                                        "embargo": {}
                                    }
                                ]
                            }
                        ]
                    }
                ]
            }
        ]
    }
}
