{
    "errors": [],
    "records": {
        "ctx_obj": [
            {
                "ctx_obj_targets": [
                    {
                        "target": [
                            {
                                "target_name": "PRESSREADER",
                                "target_public_name": "PressReader",
                                "target_url": "\n                    http://proxy.library.nyu.edu/login?url=https://www.pressreader.com/italy/corriere-fiorentino\n                ",
                                "authentication": "",
                                "proxy": "yes",
                                "coverage": [
                                    {
                                        "coverage_text": [
                                            {
                                                "threshold_text": [
                                                    {}
                                                ],
                                                "embargo_text": [
                                                    {
                                                        "embargo_statement": "Most recent 3 month(s)\n                                available\n                            "
                                                    }
                                                ]
                                            }
                                        ],
                                        "embargo": {
                                            "availability": "available",
                                            "month": "3",
                                            "days": "90"
                                        }
                                    }
                                ]
                            }
                        ]
                    }
                ]
            }
        ]
    }
}
