{
    "errors": [],
    "records": {
        "ctx_obj": [
            {
                "ctx_obj_targets": [
                    {
                        "target": [
                            {
                                "target_name": "APA_PSYCARTICLES",
                                "target_public_name": "PsycARTICLES",
                                "target_url": "http://proxy.library.nyu.edu/login?url=http://psycnet.apa.org/journals/rev/118/1/57",
                                "authentication": "",
                                "proxy": "yes",
                                "coverage": [
                                    {
                                        "coverage_text": [
                                            {
                                                "threshold_text": [
                                                    {
                                                        "coverage_statement": [
                                                            "Available from 1894 volume: 1 issue: 1"
                                                        ]
                                                    }
                                                ],
                                                "embargo_text": [
                                                    {}
                                                ]
                                            }
                                        ],
                                        "from": [
                                            {
                                                "year": "1894",
                                                "volume": "1",
                                                "issue": "1"
                                            }
                                        ],
                                        "embargo": {}
                                    }
                                ]
                            }
                        ]
                    }
                ]
            }
        ]
    }
}
