{"time":"[ELIDED]","level":"INFO","msg":"","message":"SFX API Request","ariadne":{"queryString":"title=Contrived%20FRBR%20Group%20Test%20Case&date=1999&isbn=1111111111111","queryParams":{"date":["1999"],"isbn":["1111111111111"],"title":["Contrived FRBR Group Test Case"]},"apiRequest":{"type":"sfxRequest","dumpedHTTPRequest":"GET /?%3Ftitle=Contrived+FRBR+Group+Test+Case&date=1999&isbn=1111111111111&sfx.doi_url=http%3A%2F%2Fdx.doi.org&sfx.response_type=multi_obj_xml&url_ctx_fmt=info%3Aofi%2Ffmt%3Axml%3Axsd%3Actx HTTP/1.1\r\nHost: [ELIDED]\r\n\r\n"}}}
{"time":"[ELIDED]","level":"INFO","msg":"","message":"Primo API ISBN Search Request","ariadne":{"queryString":"title=Contrived%20FRBR%20Group%20Test%20Case&date=1999&isbn=1111111111111","queryParams":{"date":["1999"],"isbn":["1111111111111"],"title":["Contrived FRBR Group Test Case"]},"apiRequest":{"type":"primoRequest","dumpedISBNSearchHTTPRequest":"GET /?inst=NYU&limit=50&offset=0&q=isbn%2Cexact%2C1111111111111&scope=all&vid=NYU HTTP/1.1\r\nHost: [ELIDED]\r\n\r\n"}}}
{"time":"[ELIDED]","level":"INFO","msg":"","message":"Primo API FRBR member request #1","ariadne":{"queryString":"title=Contrived%20FRBR%20Group%20Test%20Case&date=1999&isbn=1111111111111","queryParams":{"date":["1999"],"isbn":["1111111111111"],"title":["Contrived FRBR Group Test Case"]},"apiRequest":{"type":"primoRequest","dumpedFRBRMemberHTTPRequest":"GET /?inst=NYU&limit=50&multiFacets=facet_frbrgroupid%2Cinclude%2C1234567890&offset=0&q=isbn%2Cexact%2C1111111111111&scope=all&vid=NYU HTTP/1.1\r\nHost: [ELIDED]\r\n\r\n"}}}
{"time":"[ELIDED]","level":"INFO","msg":"","message":"Ariadne API response","ariadne":{"queryString":"title=Contrived%20FRBR%20Group%20Test%20Case&date=1999&isbn=1111111111111","queryParams":{"date":["1999"],"isbn":["1111111111111"],"title":["Contrived FRBR Group Test Case"]},"apiResponse":{"type":"api.Response","apiResponse":{"errors":[],"found":true,"records":[{"citation_supplemental":{},"links":[{"display_name":"FRBR member search results doc 1, link 1","url":"https://fake-frbr-member-search.com/1/","coverage_text":""},{"display_name":"FRBR member search results doc 1, link 3","url":"https://fake-frbr-member-search.com/3/","coverage_text":""},{"display_name":"ISBN search results doc 2, link 2","url":"https://fake-isbn-search.com/2/","coverage_text":""},{"display_name":"ISBN search results doc 2, link 4","url":"https://fake-isbn-search.com/4/","coverage_text":""}]}]}}}}
