{
    "errors": [],
    "found": true,
    "records": [
        {
            "citation_supplemental": {},
            "links": [
                {
                    "display_name": "DOAJ Directory of Open Access Journals",
                    "url": "http://dx.doi.org/10.2340/16501977-0124?nosfx=y",
                    "coverage_text": "Available from 2017"
                }
            ]
        }
    ]
}
