{
    "errors": [],
    "records": {
        "ctx_obj": [
            {
                "ctx_obj_targets": [
                    {
                        "target": [
                            {
                                "target_name": "NEWSBANK_ACCESS_WORLD_NEWS_RESEARCH_COLLECTION_2022_EDITION",
                                "target_public_name": "Newsbank Access World News Research Collection 2022 Edition",
                                "target_url": "http://proxy.library.nyu.edu/login?url=http://infoweb.newsbank.com/?db=DTNB",
                                "authentication": "",
                                "proxy": "yes",
                                "coverage": [
                                    {
                                        "coverage_text": [
                                            {
                                                "threshold_text": [
                                                    {
                                                        "coverage_statement": [
                                                            "Available from 1999/01/01"
                                                        ]
                                                    }
                                                ],
                                                "embargo_text": [
                                                    {}
                                                ]
                                            }
                                        ],
                                        "from": [
                                            {
                                                "year": "1999",
                                                "month": "01",
                                                "day": "01"
                                            }
                                        ],
                                        "embargo": {}
                                    }
                                ]
                            }
                        ]
                    }
                ]
            }
        ]
    }
}
