{
    "errors": [],
    "found": false,
    "records": [
        {
            "citation_supplemental": {},
            "links": [
                {
                    "display_name": "EBSCOhost Academic Search Complete",
                    "url": "http://proxy.library.nyu.edu/login?url=https://openurl.ebsco.com/linksvc/linking.aspx?atitle=%22life%22+magazine+and+the+power+of+photography\u0026issue=4\u0026sid=Primo\u0026genre=article\u0026spage=144\u0026title=The+Art+Bulletin\u0026date=20211201\u0026issn=0004-3079\u0026volume=103",
                    "coverage_text": "Available from 1975/03/01"
                },
                {
                    "display_name": "EBSCOhost Humanities Full Text",
                    "url": "http://proxy.library.nyu.edu/login?url=https://openurl.ebsco.com/linksvc/linking.aspx?issue=4\u0026atitle=%22life%22+magazine+and+the+power+of+photography\u0026sid=Primo\u0026title=The+Art+Bulletin\u0026genre=article\u0026spage=144\u0026issn=0004-3079\u0026volume=103\u0026date=20211201",
                    "coverage_text": "Available from 1987/12/01"
                },
                {
                    "display_name": "EBSCOhost OmniFile Full Text Mega",
                    "url": "http://proxy.library.nyu.edu/login?url=https://openurl.ebsco.com/linksvc/linking.aspx?title=The+Art+Bulletin\u0026genre=article\u0026spage=144\u0026issn=0004-3079\u0026volume=103\u0026date=20211201\u0026issue=4\u0026atitle=%22life%22+magazine+and+the+power+of+photography\u0026sid=Primo",
                    "coverage_text": "Available from 1995/03/01"
                },
                {
                    "display_name": "Taylor \u0026 Francis Complete Library Database Model",
                    "url": "http://proxy.library.nyu.edu/login?url=https://www.tandfonline.com/openurl?issue=4\u0026spage=144\u0026genre=article\u0026volume=103\u0026issn=0004-3079\u0026date=2021",
                    "coverage_text": "Available from 1913/09/01 volume: 1 issue: 1"
                }
            ]
        }
    ]
}
