{
    "errors": [],
    "found": false,
    "records": [
        {
            "citation_supplemental": {},
            "links": [
                {
                    "display_name": "Oxford University Press Journals Current",
                    "url": "http://proxy.library.nyu.edu/login?url=https://academic.oup.com/jdh/article/35/2/151/article",
                    "coverage_text": "Available from 1988/01/01"
                }
            ]
        }
    ]
}
