{
    "errors": [],
    "found": true,
    "records": [
        {
            "citation_supplemental": {},
            "links": [
                {
                    "display_name": "PsycARTICLES",
                    "url": "http://proxy.library.nyu.edu/login?url=http://doi.apa.org/getdoi.cfm?doi=10.1037%2Fa0021867",
                    "coverage_text": "Available from 1894 volume: 1 issue: 1"
                }
            ]
        }
    ]
}
