{
    "errors": [],
    "found": true,
    "records": [
        {
            "citation_supplemental": {},
            "links": [
                {
                    "display_name": "Ebook Central",
                    "url": "https://ebookcentral.proquest.com/lib/nyulibrary-ebooks/detail.action?docID=5294929",
                    "coverage_text": ""
                },
                {
                    "display_name": "Oxford Academic eBooks",
                    "url": "http://proxy.library.nyu.edu/login?url=https://academic.oup.com/book/4545",
                    "coverage_text": ""
                },
                {
                    "display_name": "Palace App (read this ebook on your phone or tablet)",
                    "url": "https://patron-academic.thepalaceproject.org/nyu/book/https%3A%2F%2Fnyu.edu.thepalaceproject.org%2F%2F193900%2Fworks%2FProQuest%2520Doc%2520ID%252F5294929",
                    "coverage_text": ""
                }
            ]
        }
    ]
}
